Windows PowerShell
(C) Корпорация Майкрософт, 2009. Все права защищены.

PS P:\Programming\Python Scripts\LoadWorkDataAirFlightsDBNew> git submodule add https://github.com/nic-gibson/xproc-tools External Repos (SubModule Folder)\Nic Gibson\XProc-tools
Имя "SubModule" не распознано как имя командлета, функции, файла скрипта или выполняемой программы. Проверьте правильность написания имени, а также наличие и правильность пути, после чего повторите попытку.
строка:1 знак:86
+ git submodule add https://github.com/nic-gibson/xproc-tools External Repos (SubModule <<<<  Folder)\Nic Gibson\XProc-tools
    + CategoryInfo          : ObjectNotFound: (SubModule:String) [], CommandNotFoundException
    + FullyQualifiedErrorId : CommandNotFoundException
 
PS P:\Programming\Python Scripts\LoadWorkDataAirFlightsDBNew> git submodule add https://github.com/nic-gibson/xproc-tools extensions\Nic Gibson\XProc-tools
Cloning into '//Fileserver/объекты и изделия/Programming/Python Scripts/LoadWorkDataAirFlightsDBNew/extensions\Nic'...
remote: Enumerating objects: 321, done.
Receiving objects:  82% (264/321)ed 0 (delta 0), pack-reused 321Receiving objects:  81% (261/321)
Receiving objects: 100% (321/321), 145.07 KiB | 834.00 KiB/s, done.
Resolving deltas: 100% (192/192), done.
fatal: bad config line 17 in file .gitmodules
fatal: Failed to register submodule 'extensions\Nic'
PS P:\Programming\Python Scripts\LoadWorkDataAirFlightsDBNew> git submodule add https://github.com/nic-gibson/xproc-tools extensions\NicGibson\XProc-tools
Cloning into '//Fileserver/объекты и изделия/Programming/Python Scripts/LoadWorkDataAirFlightsDBNew/extensions\NicGibson\XProc-tools'...
remote: Enumerating objects: 321, done.
Receiving objects:  82% (0), reused 0 (delta 0), pack-reused 321R
Receiving objects: 100% (321/321), 145.07 KiB | 660.00 KiB/s, done.
Resolving deltas: 100% (192/192), done.
fatal: bad config line 17 in file .gitmodules
fatal: Failed to register submodule 'extensions\NicGibson\XProc-tools'

PS P:\Programming\Python Scripts\LoadWorkDataAirFlightsDBNew> git submodule add https://github.com/nic-gibson/xproc-tools extensions\NicGibson\XProc-tools
fatal: 'extensions\NicGibson\XProc-tools' already exists in the index

PS P:\Programming\Python Scripts\LoadWorkDataAirFlightsDBNew> git submodule add https://github.com/nic-gibson/xproc-tools extensions\NicGibson\XProc-tools
fatal: 'extensions\NicGibson\XProc-tools' already exists in the index

PS P:\Programming\Python Scripts\LoadWorkDataAirFlightsDBNew> git submodule add https://github.com/nic-gibson/xproc-tools extensions\NicGibson\XProc-tools
fatal: 'extensions\NicGibson\XProc-tools' already exists in the index

PS P:\Programming\Python Scripts\LoadWorkDataAirFlightsDBNew> git submodule add https://github.com/nic-gibson/xproc-tools extensions\NicGibson2\XProc-tools
Cloning into '//Fileserver/объекты и изделия/Programming/Python Scripts/LoadWorkDataAirFlightsDBNew/extensions\NicGibson2\XProc-tools'...
remote: Enumerating objects: 321, done.
Receiving objects:  83% (267/321)used 0 (delta 0), pack-reused 321ceiving objects:  81% (261/3
Receiving objects: 100% (321/321), 145.07 KiB | 589.00 KiB/s, done.
Resolving deltas: 100% (192/192), done.
warning: LF will be replaced by CRLF in .gitmodules.
The file will have its original line endings in your working directory

PS P:\Programming\Python Scripts\LoadWorkDataAirFlightsDBNew> git submodule add https://github.com/Saxonica/EXPath-Task-XSLT ExternalRepos(SubModuleFolder)\Saxonica\EXPath-Task-XSLT
Имя "SubModuleFolder" не распознано как имя командлета, функции, файла скрипта или выполняемой программы. Проверьте правильность написания имени, а также наличие и правильность пути, после чего повторите попытку.
строка:1 знак:93
+ git submodule add https://github.com/Saxonica/EXPath-Task-XSLT ExternalRepos(SubModuleFolder <<<< )\Saxonica\EXPath-Task-XSLT
    + CategoryInfo          : ObjectNotFound: (SubModuleFolder:String) [], CommandNotFoundException
    + FullyQualifiedErrorId : CommandNotFoundException
 
PS P:\Programming\Python Scripts\LoadWorkDataAirFlightsDBNew> git submodule add https://github.com/Saxonica/EXPath-Task-XSLT ExternalRepos(SubModuleFolder)\Saxonica\EXPath-Task-XSLT
Имя "SubModuleFolder" не распознано как имя командлета, функции, файла скрипта или выполняемой программы. Проверьте правильность написания имени, а также наличие и правильность пути, после чего повторите попытку.
строка:1 знак:93
+ git submodule add https://github.com/Saxonica/EXPath-Task-XSLT ExternalRepos(SubModuleFolder <<<< )\Saxonica\EXPath-Task-XSLT
    + CategoryInfo          : ObjectNotFound: (SubModuleFolder:String) [], CommandNotFoundException
    + FullyQualifiedErrorId : CommandNotFoundException
 
PS P:\Programming\Python Scripts\LoadWorkDataAirFlightsDBNew> git submodule add https://github.com/Saxonica/EXPath-Task-XSLT ExternalRepos\Saxonica\EXPath-Task-XSLT
Cloning into '//Fileserver/объекты и изделия/Programming/Python Scripts/LoadWorkDataAirFlightsDBNew/ExternalRepos\Saxonica\EXPath-Task-XSLT'...
remote: Enumerating objects: 14, done.
remote: Total 14 (delta 0), reused 0 (delta 0), pack-reused 14
Receiving objects: 100% (14/14), 7.80 KiB | 798.00 KiB/s, done.
Resolving deltas: 100% (2/2), done.
warning: LF will be replaced by CRLF in .gitmodules.
The file will have its original line endings in your working directory

PS P:\Programming\Python Scripts\LoadWorkDataAirFlightsDBNew> git submodule add https://github.com/Saxonica/Saxon-Forms ExternalRepos\Saxonica\Saxon-Forms
Cloning into '//Fileserver/объекты и изделия/Programming/Python Scripts/LoadWorkDataAirFlightsDBNew/ExternalRepos\Saxonica\Saxon-Forms'...
remote: Enumerating objects: 740, done.
remote: Counting objects: 100% (83/83), done.
remote: Compressing objects: 100% (16/16), done.
remote: Total 740 (delta 76), reused 67 (delta 67), pack-reused 657
Receiving objects: 100% (740/740), 2.14 MiB | 3.24 MiB/s, done.
Resolving deltas: 100% (428/428), done.
warning: LF will be replaced by CRLF in .gitmodules.
The file will have its original line endings in your working directory

PS P:\Programming\Python Scripts\LoadWorkDataAirFlightsDBNew> git submodule add https://github.com/xproc/3.0-specification ExternalRepos\XProc\3.0-specification
Cloning into '//Fileserver/объекты и изделия/Programming/Python Scripts/LoadWorkDataAirFlightsDBNew/ExternalRepos\XProc\3.0-specification'...
remote: Enumerating objects: 24382, done.
remote: Counting objects: 100% (2490/2490), done.
remote: Compressing objects: 100% (361/361), done.
remote: Total 24382 (delta 2233), reused 2278 (delta 2102), pack-reused 21892R
Receiving objects: 100% (24382/24382), 147.57 MiB | 7.82 MiB/s, done.
Resolving deltas: 100% (17553/17553), done.
warning: LF will be replaced by CRLF in .gitmodules.
The file will have its original line endings in your working directory

PS P:\Programming\Python Scripts\LoadWorkDataAirFlightsDBNew> git submodule add https://github.com/xproc/3.0-test-suite ExternalRepos\XProc\3.0-test-suite
Cloning into '//Fileserver/объекты и изделия/Programming/Python Scripts/LoadWorkDataAirFlightsDBNew/ExternalRepos\XProc\3.0-test-suite'...
remote: Enumerating objects: 44056, done.
remote: Counting objects: 100% (11756/11756), done.
remote: Compressing objects: 100% (938/938), done.
remote: Total 44056 (delta 11254), reused 11205 (delta 10810), pack-reused 32300 eceiving objects: 100% (44056/44056), 19.67 MiB | 4.34 MiB/s
Receiving objects: 100% (44056/44056), 20.18 MiB | 4.35 MiB/s, done.
Resolving deltas: 100% (41305/41305), done.
warning: LF will be replaced by CRLF in .gitmodules.
The file will have its original line endings in your working directory

PS P:\Programming\Python Scripts\LoadWorkDataAirFlightsDBNew> git submodule add https://github.com/transpect/control ExternalRepos\TranSpect\Control
Cloning into '//Fileserver/объекты и изделия/Programming/Python Scripts/LoadWorkDataAirFlightsDBNew/ExternalRepos\TranSpect\Control'...
remote: Enumerating objects: 1260, done.
remote: Counting objects: 100% (266/266), done.
remote: Compressing objects: 100% (113/113), done.
remote: Total 1260 (delta 186), reused 223 (delta 143), pack-reused 994
Receiving objects: 100% (1260/1260), 1.10 MiB | 2.30 MiB/s, done.
Resolving deltas: 100% (833/833), done.
warning: LF will be replaced by CRLF in .gitmodules.
The file will have its original line endings in your working directory

PS P:\Programming\Python Scripts\LoadWorkDataAirFlightsDBNew>
